// Jest Snapshot v1, https://goo.gl/fbAQLP

exports[`renders homepage unchanged 1`] = `
<div>
  <main>
    <h1>
      Home
    </h1>
    <div
      class="flex justify-center"
    >
      Loading...
    </div>
  </main>
</div>
`;
